[0.006s] Invoking command in '/home/hzq/RM/VIO_ws/build/vio_bridge': /usr/bin/cmake --build /home/hzq/RM/VIO_ws/build/vio_bridge -- -j16 -l16
[0.048s] Consolidate compiler generated dependencies of target vio_bridge_node
[0.056s] [ 50%] Built target camera_node
[0.059s] [ 75%] Building CXX object CMakeFiles/vio_bridge_node.dir/src/vio_bridge_node.cpp.o
[3.669s] [100%] Linking CXX executable vio_bridge_node
[3.827s] [100%] Built target vio_bridge_node
[3.840s] Invoked command in '/home/hzq/RM/VIO_ws/build/vio_bridge' returned '0': /usr/bin/cmake --build /home/hzq/RM/VIO_ws/build/vio_bridge -- -j16 -l16
[3.849s] Invoking command in '/home/hzq/RM/VIO_ws/build/vio_bridge': /usr/bin/cmake --install /home/hzq/RM/VIO_ws/build/vio_bridge
[3.857s] -- Install configuration: ""
[3.858s] -- Installing: /home/hzq/RM/VIO_ws/install/vio_bridge/lib/vio_bridge/vio_bridge_node
[3.859s] -- Set runtime path of "/home/hzq/RM/VIO_ws/install/vio_bridge/lib/vio_bridge/vio_bridge_node" to ""
[3.859s] -- Up-to-date: /home/hzq/RM/VIO_ws/install/vio_bridge/lib/vio_bridge/camera_node
[3.859s] -- Up-to-date: /home/hzq/RM/VIO_ws/install/vio_bridge/share/vio_bridge/launch
[3.859s] -- Up-to-date: /home/hzq/RM/VIO_ws/install/vio_bridge/share/vio_bridge/launch/pulish_topic.launch.py
[3.859s] -- Up-to-date: /home/hzq/RM/VIO_ws/install/vio_bridge/share/ament_index/resource_index/package_run_dependencies/vio_bridge
[3.859s] -- Up-to-date: /home/hzq/RM/VIO_ws/install/vio_bridge/share/ament_index/resource_index/parent_prefix_path/vio_bridge
[3.859s] -- Up-to-date: /home/hzq/RM/VIO_ws/install/vio_bridge/share/vio_bridge/environment/ament_prefix_path.sh
[3.859s] -- Up-to-date: /home/hzq/RM/VIO_ws/install/vio_bridge/share/vio_bridge/environment/ament_prefix_path.dsv
[3.860s] -- Up-to-date: /home/hzq/RM/VIO_ws/install/vio_bridge/share/vio_bridge/environment/path.sh
[3.860s] -- Up-to-date: /home/hzq/RM/VIO_ws/install/vio_bridge/share/vio_bridge/environment/path.dsv
[3.860s] -- Up-to-date: /home/hzq/RM/VIO_ws/install/vio_bridge/share/vio_bridge/local_setup.bash
[3.860s] -- Up-to-date: /home/hzq/RM/VIO_ws/install/vio_bridge/share/vio_bridge/local_setup.sh
[3.860s] -- Up-to-date: /home/hzq/RM/VIO_ws/install/vio_bridge/share/vio_bridge/local_setup.zsh
[3.860s] -- Up-to-date: /home/hzq/RM/VIO_ws/install/vio_bridge/share/vio_bridge/local_setup.dsv
[3.860s] -- Installing: /home/hzq/RM/VIO_ws/install/vio_bridge/share/vio_bridge/package.dsv
[3.860s] -- Up-to-date: /home/hzq/RM/VIO_ws/install/vio_bridge/share/ament_index/resource_index/packages/vio_bridge
[3.860s] -- Up-to-date: /home/hzq/RM/VIO_ws/install/vio_bridge/share/vio_bridge/cmake/vio_bridgeConfig.cmake
[3.860s] -- Up-to-date: /home/hzq/RM/VIO_ws/install/vio_bridge/share/vio_bridge/cmake/vio_bridgeConfig-version.cmake
[3.860s] -- Up-to-date: /home/hzq/RM/VIO_ws/install/vio_bridge/share/vio_bridge/package.xml
[30.030s] Invoked command in '/home/hzq/RM/VIO_ws/build/vio_bridge' returned '0': /usr/bin/cmake --install /home/hzq/RM/VIO_ws/build/vio_bridge
