[0.008s] Invoking command in '/home/hzq/RM/VIO_ws/build/vio_bridge': CMAKE_PREFIX_PATH=${CMAKE_PREFIX_PATH}:/opt/ros/humble /usr/bin/cmake --build /home/hzq/RM/VIO_ws/build/vio_bridge -- -j16 -l16
[0.043s] [35m[1mConsolidate compiler generated dependencies of target vio_bridge_node[0m
[0.054s] [ 50%] Built target camera_node
[0.057s] [ 75%] [32mBuilding CXX object CMakeFiles/vio_bridge_node.dir/src/vio_bridge_node.cpp.o[0m
[3.085s] [100%] [32m[1mLinking CXX executable vio_bridge_node[0m
[3.222s] [100%] Built target vio_bridge_node
[3.231s] Invoked command in '/home/hzq/RM/VIO_ws/build/vio_bridge' returned '0': CMAKE_PREFIX_PATH=${CMAKE_PREFIX_PATH}:/opt/ros/humble /usr/bin/cmake --build /home/hzq/RM/VIO_ws/build/vio_bridge -- -j16 -l16
[3.239s] Invoking command in '/home/hzq/RM/VIO_ws/build/vio_bridge': CMAKE_PREFIX_PATH=${CMAKE_PREFIX_PATH}:/opt/ros/humble /usr/bin/cmake --install /home/hzq/RM/VIO_ws/build/vio_bridge
[3.245s] -- Install configuration: ""
[3.245s] -- Installing: /home/hzq/RM/VIO_ws/install/vio_bridge/lib/vio_bridge/vio_bridge_node
[3.246s] -- Set runtime path of "/home/hzq/RM/VIO_ws/install/vio_bridge/lib/vio_bridge/vio_bridge_node" to ""
[3.246s] -- Up-to-date: /home/hzq/RM/VIO_ws/install/vio_bridge/lib/vio_bridge/camera_node
[3.246s] -- Up-to-date: /home/hzq/RM/VIO_ws/install/vio_bridge/share/vio_bridge/launch
[3.246s] -- Up-to-date: /home/hzq/RM/VIO_ws/install/vio_bridge/share/vio_bridge/launch/pulish_topic.launch.py
[3.247s] -- Up-to-date: /home/hzq/RM/VIO_ws/install/vio_bridge/share/ament_index/resource_index/package_run_dependencies/vio_bridge
[3.247s] -- Up-to-date: /home/hzq/RM/VIO_ws/install/vio_bridge/share/ament_index/resource_index/parent_prefix_path/vio_bridge
[3.247s] -- Up-to-date: /home/hzq/RM/VIO_ws/install/vio_bridge/share/vio_bridge/environment/ament_prefix_path.sh
[3.247s] -- Up-to-date: /home/hzq/RM/VIO_ws/install/vio_bridge/share/vio_bridge/environment/ament_prefix_path.dsv
[3.247s] -- Up-to-date: /home/hzq/RM/VIO_ws/install/vio_bridge/share/vio_bridge/environment/path.sh
[3.247s] -- Up-to-date: /home/hzq/RM/VIO_ws/install/vio_bridge/share/vio_bridge/environment/path.dsv
[3.247s] -- Up-to-date: /home/hzq/RM/VIO_ws/install/vio_bridge/share/vio_bridge/local_setup.bash
[3.247s] -- Up-to-date: /home/hzq/RM/VIO_ws/install/vio_bridge/share/vio_bridge/local_setup.sh
[3.247s] -- Up-to-date: /home/hzq/RM/VIO_ws/install/vio_bridge/share/vio_bridge/local_setup.zsh
[3.247s] -- Up-to-date: /home/hzq/RM/VIO_ws/install/vio_bridge/share/vio_bridge/local_setup.dsv
[3.247s] -- Installing: /home/hzq/RM/VIO_ws/install/vio_bridge/share/vio_bridge/package.dsv
[3.247s] -- Up-to-date: /home/hzq/RM/VIO_ws/install/vio_bridge/share/ament_index/resource_index/packages/vio_bridge
[3.247s] -- Up-to-date: /home/hzq/RM/VIO_ws/install/vio_bridge/share/vio_bridge/cmake/vio_bridgeConfig.cmake
[3.247s] -- Up-to-date: /home/hzq/RM/VIO_ws/install/vio_bridge/share/vio_bridge/cmake/vio_bridgeConfig-version.cmake
[3.247s] -- Up-to-date: /home/hzq/RM/VIO_ws/install/vio_bridge/share/vio_bridge/package.xml
[3.249s] Invoked command in '/home/hzq/RM/VIO_ws/build/vio_bridge' returned '0': CMAKE_PREFIX_PATH=${CMAKE_PREFIX_PATH}:/opt/ros/humble /usr/bin/cmake --install /home/hzq/RM/VIO_ws/build/vio_bridge
