[0.008s] Invoking command in '/home/hzq/RM/VIO_ws/build/vio_bridge': CMAKE_PREFIX_PATH=${CMAKE_PREFIX_PATH}:/opt/ros/humble /usr/bin/cmake /home/hzq/RM/VIO_ws/src/vio_bridge -DCMAKE_INSTALL_PREFIX=/home/hzq/RM/VIO_ws/install/vio_bridge
[0.049s] -- The C compiler identification is GNU 11.4.0
[0.091s] -- The CXX compiler identification is GNU 11.4.0
[0.096s] -- Detecting C compiler ABI info
[0.155s] -- Detecting C compiler ABI info - done
[0.164s] -- Check for working C compiler: /usr/bin/cc - skipped
[0.165s] -- Detecting C compile features
[0.165s] -- Detecting C compile features - done
[0.169s] -- Detecting CXX compiler ABI info
[0.233s] -- Detecting CXX compiler ABI info - done
[0.245s] -- Check for working CXX compiler: /usr/bin/c++ - skipped
[0.245s] -- Detecting CXX compile features
[0.246s] -- Detecting CXX compile features - done
[0.250s] -- Found ament_cmake: 1.3.14 (/opt/ros/humble/share/ament_cmake/cmake)
[0.498s] -- Found Python3: /usr/bin/python3 (found version "3.10.12") found components: Interpreter 
[0.588s] -- Found rclcpp: 16.0.19 (/opt/ros/humble/share/rclcpp/cmake)
[0.620s] -- Found rosidl_generator_c: 3.1.9 (/opt/ros/humble/share/rosidl_generator_c/cmake)
[0.623s] -- Found rosidl_adapter: 3.1.9 (/opt/ros/humble/share/rosidl_adapter/cmake)
[0.630s] -- Found rosidl_generator_cpp: 3.1.9 (/opt/ros/humble/share/rosidl_generator_cpp/cmake)
[0.638s] -- Using all available rosidl_typesupport_c: rosidl_typesupport_fastrtps_c;rosidl_typesupport_introspection_c
[0.649s] -- Using all available rosidl_typesupport_cpp: rosidl_typesupport_fastrtps_cpp;rosidl_typesupport_introspection_cpp
[0.679s] -- Found rmw_implementation_cmake: 6.1.2 (/opt/ros/humble/share/rmw_implementation_cmake/cmake)
[0.680s] -- Found rmw_fastrtps_cpp: 6.2.10 (/opt/ros/humble/share/rmw_fastrtps_cpp/cmake)
[0.759s] -- Found OpenSSL: /usr/lib/x86_64-linux-gnu/libcrypto.so (found version "3.0.2")  
[0.783s] -- Found FastRTPS: /opt/ros/humble/include  
[0.820s] -- Using RMW implementation 'rmw_fastrtps_cpp' as default
[0.826s] -- Looking for pthread.h
[0.884s] -- Looking for pthread.h - found
[0.884s] -- Performing Test CMAKE_HAVE_LIBC_PTHREAD
[0.942s] -- Performing Test CMAKE_HAVE_LIBC_PTHREAD - Success
[0.942s] -- Found Threads: TRUE  
[0.976s] -- Found sensor_msgs: 4.9.1 (/opt/ros/humble/share/sensor_msgs/cmake)
[0.996s] -- Found cv_bridge: 3.2.1 (/opt/ros/humble/share/cv_bridge/cmake)
[1.005s] -- Found image_transport: 3.1.13 (/opt/ros/humble/share/image_transport/cmake)
[1.035s] -- Found OpenCV: /usr (found version "4.5.4") 
[1.038s] -- Found ament_lint_auto: 0.12.15 (/opt/ros/humble/share/ament_lint_auto/cmake)
[1.092s] -- Added test 'cppcheck' to perform static code analysis on C / C++ code
[1.092s] -- Configured cppcheck include dirs: 
[1.092s] -- Configured cppcheck exclude dirs and/or files: 
[1.092s] -- Added test 'flake8' to check Python code syntax and style conventions
[1.092s] -- Added test 'lint_cmake' to check CMake code style
[1.093s] -- Added test 'pep257' to check Python code against some of the docstring style conventions in PEP 257
[1.093s] -- Added test 'uncrustify' to check C / C++ code style
[1.093s] -- Configured uncrustify additional arguments: 
[1.093s] -- Added test 'xmllint' to check XML markup files
[1.094s] -- Configuring done
[1.105s] -- Generating done
[1.109s] -- Build files have been written to: /home/hzq/RM/VIO_ws/build/vio_bridge
[1.119s] Invoked command in '/home/hzq/RM/VIO_ws/build/vio_bridge' returned '0': CMAKE_PREFIX_PATH=${CMAKE_PREFIX_PATH}:/opt/ros/humble /usr/bin/cmake /home/hzq/RM/VIO_ws/src/vio_bridge -DCMAKE_INSTALL_PREFIX=/home/hzq/RM/VIO_ws/install/vio_bridge
[1.120s] Invoking command in '/home/hzq/RM/VIO_ws/build/vio_bridge': CMAKE_PREFIX_PATH=${CMAKE_PREFIX_PATH}:/opt/ros/humble /usr/bin/cmake --build /home/hzq/RM/VIO_ws/build/vio_bridge -- -j16 -l16
[1.161s] [ 50%] [32mBuilding CXX object CMakeFiles/vio_bridge_node.dir/src/vio_bridge_node.cpp.o[0m
[1.161s] [ 50%] [32mBuilding CXX object CMakeFiles/camera_node.dir/src/camera_node.cpp.o[0m
[4.386s] [ 75%] [32m[1mLinking CXX executable vio_bridge_node[0m
[4.529s] [ 75%] Built target vio_bridge_node
[5.392s] [100%] [32m[1mLinking CXX executable camera_node[0m
[5.731s] [100%] Built target camera_node
[5.741s] Invoked command in '/home/hzq/RM/VIO_ws/build/vio_bridge' returned '0': CMAKE_PREFIX_PATH=${CMAKE_PREFIX_PATH}:/opt/ros/humble /usr/bin/cmake --build /home/hzq/RM/VIO_ws/build/vio_bridge -- -j16 -l16
[5.748s] Invoking command in '/home/hzq/RM/VIO_ws/build/vio_bridge': CMAKE_PREFIX_PATH=${CMAKE_PREFIX_PATH}:/opt/ros/humble /usr/bin/cmake --install /home/hzq/RM/VIO_ws/build/vio_bridge
[5.754s] -- Install configuration: ""
[5.754s] -- Installing: /home/hzq/RM/VIO_ws/install/vio_bridge/lib/vio_bridge/vio_bridge_node
[5.755s] -- Set runtime path of "/home/hzq/RM/VIO_ws/install/vio_bridge/lib/vio_bridge/vio_bridge_node" to ""
[5.756s] -- Installing: /home/hzq/RM/VIO_ws/install/vio_bridge/lib/vio_bridge/camera_node
[5.756s] -- Set runtime path of "/home/hzq/RM/VIO_ws/install/vio_bridge/lib/vio_bridge/camera_node" to ""
[5.756s] -- Installing: /home/hzq/RM/VIO_ws/install/vio_bridge/share/vio_bridge/launch
[5.757s] -- Installing: /home/hzq/RM/VIO_ws/install/vio_bridge/share/vio_bridge/launch/pulish_topic.launch.py
[5.757s] -- Installing: /home/hzq/RM/VIO_ws/install/vio_bridge/share/ament_index/resource_index/package_run_dependencies/vio_bridge
[5.757s] -- Installing: /home/hzq/RM/VIO_ws/install/vio_bridge/share/ament_index/resource_index/parent_prefix_path/vio_bridge
[5.757s] -- Installing: /home/hzq/RM/VIO_ws/install/vio_bridge/share/vio_bridge/environment/ament_prefix_path.sh
[5.757s] -- Installing: /home/hzq/RM/VIO_ws/install/vio_bridge/share/vio_bridge/environment/ament_prefix_path.dsv
[5.757s] -- Installing: /home/hzq/RM/VIO_ws/install/vio_bridge/share/vio_bridge/environment/path.sh
[5.757s] -- Installing: /home/hzq/RM/VIO_ws/install/vio_bridge/share/vio_bridge/environment/path.dsv
[5.757s] -- Installing: /home/hzq/RM/VIO_ws/install/vio_bridge/share/vio_bridge/local_setup.bash
[5.757s] -- Installing: /home/hzq/RM/VIO_ws/install/vio_bridge/share/vio_bridge/local_setup.sh
[5.757s] -- Installing: /home/hzq/RM/VIO_ws/install/vio_bridge/share/vio_bridge/local_setup.zsh
[5.758s] -- Installing: /home/hzq/RM/VIO_ws/install/vio_bridge/share/vio_bridge/local_setup.dsv
[5.758s] -- Installing: /home/hzq/RM/VIO_ws/install/vio_bridge/share/vio_bridge/package.dsv
[5.758s] -- Installing: /home/hzq/RM/VIO_ws/install/vio_bridge/share/ament_index/resource_index/packages/vio_bridge
[5.758s] -- Installing: /home/hzq/RM/VIO_ws/install/vio_bridge/share/vio_bridge/cmake/vio_bridgeConfig.cmake
[5.758s] -- Installing: /home/hzq/RM/VIO_ws/install/vio_bridge/share/vio_bridge/cmake/vio_bridgeConfig-version.cmake
[5.758s] -- Installing: /home/hzq/RM/VIO_ws/install/vio_bridge/share/vio_bridge/package.xml
[5.760s] Invoked command in '/home/hzq/RM/VIO_ws/build/vio_bridge' returned '0': CMAKE_PREFIX_PATH=${CMAKE_PREFIX_PATH}:/opt/ros/humble /usr/bin/cmake --install /home/hzq/RM/VIO_ws/build/vio_bridge
