-- Found ament_cmake: 1.3.14 (/opt/ros/humble/share/ament_cmake/cmake)
-- Override CMake install command with custom implementation using symlinks instead of copying resources
-- Found rclcpp: 16.0.19 (/opt/ros/humble/share/rclcpp/cmake)
-- Found rosidl_generator_c: 3.1.9 (/opt/ros/humble/share/rosidl_generator_c/cmake)
-- Found rosidl_adapter: 3.1.9 (/opt/ros/humble/share/rosidl_adapter/cmake)
-- Found rosidl_generator_cpp: 3.1.9 (/opt/ros/humble/share/rosidl_generator_cpp/cmake)
-- Using all available rosidl_typesupport_c: rosidl_typesupport_fastrtps_c;rosidl_typesupport_introspection_c
-- Using all available rosidl_typesupport_cpp: rosidl_typesupport_fastrtps_cpp;rosidl_typesupport_introspection_cpp
-- Found rmw_implementation_cmake: 6.1.2 (/opt/ros/humble/share/rmw_implementation_cmake/cmake)
-- Found rmw_fastrtps_cpp: 6.2.10 (/opt/ros/humble/share/rmw_fastrtps_cpp/cmake)
-- Using RMW implementation 'rmw_fastrtps_cpp' as default
-- Found sensor_msgs: 4.9.1 (/opt/ros/humble/share/sensor_msgs/cmake)
-- Found cv_bridge: 3.2.1 (/opt/ros/humble/share/cv_bridge/cmake)
-- Found image_transport: 3.1.13 (/opt/ros/humble/share/image_transport/cmake)
-- Found ament_lint_auto: 0.12.15 (/opt/ros/humble/share/ament_lint_auto/cmake)
-- Added test 'cppcheck' to perform static code analysis on C / C++ code
-- Configured cppcheck include dirs: 
-- Configured cppcheck exclude dirs and/or files: 
-- Added test 'flake8' to check Python code syntax and style conventions
-- Added test 'lint_cmake' to check CMake code style
-- Added test 'pep257' to check Python code against some of the docstring style conventions in PEP 257
-- Added test 'uncrustify' to check C / C++ code style
-- Configured uncrustify additional arguments: 
-- Added test 'xmllint' to check XML markup files
-- Configuring done
-- Generating done
-- Build files have been written to: /home/hzq/RM/VIO_ws/build/vio_bridge
Consolidate compiler generated dependencies of target vio_bridge_node
Consolidate compiler generated dependencies of target camera_node
[ 50%] Building CXX object CMakeFiles/camera_node.dir/src/camera_node.cpp.o
[ 50%] Linking CXX executable vio_bridge_node
[ 75%] Built target vio_bridge_node
[100%] Linking CXX executable camera_node
[100%] Built target camera_node
-- Install configuration: ""
-- Execute custom install script
-- Symlinking: /home/hzq/RM/VIO_ws/install/vio_bridge/lib/vio_bridge/vio_bridge_node
-- Symlinking: /home/hzq/RM/VIO_ws/install/vio_bridge/lib/vio_bridge/camera_node
-- Symlinking: /home/hzq/RM/VIO_ws/install/vio_bridge/share/vio_bridge/launch/pulish_topic.launch.py
-- Symlinking: /home/hzq/RM/VIO_ws/install/vio_bridge/share/ament_index/resource_index/package_run_dependencies/vio_bridge
-- Symlinking: /home/hzq/RM/VIO_ws/install/vio_bridge/share/ament_index/resource_index/parent_prefix_path/vio_bridge
-- Symlinking: /home/hzq/RM/VIO_ws/install/vio_bridge/share/vio_bridge/environment/ament_prefix_path.sh
-- Symlinking: /home/hzq/RM/VIO_ws/install/vio_bridge/share/vio_bridge/environment/ament_prefix_path.dsv
-- Symlinking: /home/hzq/RM/VIO_ws/install/vio_bridge/share/vio_bridge/environment/path.sh
-- Symlinking: /home/hzq/RM/VIO_ws/install/vio_bridge/share/vio_bridge/environment/path.dsv
-- Symlinking: /home/hzq/RM/VIO_ws/install/vio_bridge/share/vio_bridge/local_setup.bash
-- Symlinking: /home/hzq/RM/VIO_ws/install/vio_bridge/share/vio_bridge/local_setup.sh
-- Symlinking: /home/hzq/RM/VIO_ws/install/vio_bridge/share/vio_bridge/local_setup.zsh
-- Symlinking: /home/hzq/RM/VIO_ws/install/vio_bridge/share/vio_bridge/local_setup.dsv
-- Symlinking: /home/hzq/RM/VIO_ws/install/vio_bridge/share/vio_bridge/package.dsv
-- Symlinking: /home/hzq/RM/VIO_ws/install/vio_bridge/share/ament_index/resource_index/packages/vio_bridge
-- Symlinking: /home/hzq/RM/VIO_ws/install/vio_bridge/share/vio_bridge/cmake/vio_bridgeConfig.cmake
-- Symlinking: /home/hzq/RM/VIO_ws/install/vio_bridge/share/vio_bridge/cmake/vio_bridgeConfig-version.cmake
-- Symlinking: /home/hzq/RM/VIO_ws/install/vio_bridge/share/vio_bridge/package.xml
