[0.009s] Invoking command in '/home/hzq/RM/VIO_ws/build/vio_bridge': CMAKE_PREFIX_PATH=${CMAKE_PREFIX_PATH}:/opt/ros/humble /usr/bin/cmake --build /home/hzq/RM/VIO_ws/build/vio_bridge -- -j16 -l16
[0.044s] [35m[1mConsolidate compiler generated dependencies of target vio_bridge_node[0m
[0.044s] [35m[1mConsolidate compiler generated dependencies of target camera_node[0m
[0.059s] [ 25%] [32mBuilding CXX object CMakeFiles/vio_bridge_node.dir/src/vio_bridge_node.cpp.o[0m
[0.060s] [ 75%] Built target camera_node
[3.153s] [100%] [32m[1mLinking CXX executable vio_bridge_node[0m
[3.290s] [100%] Built target vio_bridge_node
[3.299s] Invoked command in '/home/hzq/RM/VIO_ws/build/vio_bridge' returned '0': CMAKE_PREFIX_PATH=${CMAKE_PREFIX_PATH}:/opt/ros/humble /usr/bin/cmake --build /home/hzq/RM/VIO_ws/build/vio_bridge -- -j16 -l16
[3.307s] Invoking command in '/home/hzq/RM/VIO_ws/build/vio_bridge': CMAKE_PREFIX_PATH=${CMAKE_PREFIX_PATH}:/opt/ros/humble /usr/bin/cmake --install /home/hzq/RM/VIO_ws/build/vio_bridge
[3.313s] -- Install configuration: ""
[3.313s] -- Installing: /home/hzq/RM/VIO_ws/install/vio_bridge/lib/vio_bridge/vio_bridge_node
[3.314s] -- Set runtime path of "/home/hzq/RM/VIO_ws/install/vio_bridge/lib/vio_bridge/vio_bridge_node" to ""
[3.314s] -- Up-to-date: /home/hzq/RM/VIO_ws/install/vio_bridge/lib/vio_bridge/camera_node
[3.314s] -- Up-to-date: /home/hzq/RM/VIO_ws/install/vio_bridge/share/vio_bridge/launch
[3.314s] -- Up-to-date: /home/hzq/RM/VIO_ws/install/vio_bridge/share/vio_bridge/launch/pulish_topic.launch.py
[3.314s] -- Up-to-date: /home/hzq/RM/VIO_ws/install/vio_bridge/share/ament_index/resource_index/package_run_dependencies/vio_bridge
[3.314s] -- Up-to-date: /home/hzq/RM/VIO_ws/install/vio_bridge/share/ament_index/resource_index/parent_prefix_path/vio_bridge
[3.314s] -- Up-to-date: /home/hzq/RM/VIO_ws/install/vio_bridge/share/vio_bridge/environment/ament_prefix_path.sh
[3.314s] -- Up-to-date: /home/hzq/RM/VIO_ws/install/vio_bridge/share/vio_bridge/environment/ament_prefix_path.dsv
[3.314s] -- Up-to-date: /home/hzq/RM/VIO_ws/install/vio_bridge/share/vio_bridge/environment/path.sh
[3.314s] -- Up-to-date: /home/hzq/RM/VIO_ws/install/vio_bridge/share/vio_bridge/environment/path.dsv
[3.314s] -- Up-to-date: /home/hzq/RM/VIO_ws/install/vio_bridge/share/vio_bridge/local_setup.bash
[3.315s] -- Up-to-date: /home/hzq/RM/VIO_ws/install/vio_bridge/share/vio_bridge/local_setup.sh
[3.315s] -- Up-to-date: /home/hzq/RM/VIO_ws/install/vio_bridge/share/vio_bridge/local_setup.zsh
[3.315s] -- Up-to-date: /home/hzq/RM/VIO_ws/install/vio_bridge/share/vio_bridge/local_setup.dsv
[3.315s] -- Installing: /home/hzq/RM/VIO_ws/install/vio_bridge/share/vio_bridge/package.dsv
[3.315s] -- Up-to-date: /home/hzq/RM/VIO_ws/install/vio_bridge/share/ament_index/resource_index/packages/vio_bridge
[3.315s] -- Up-to-date: /home/hzq/RM/VIO_ws/install/vio_bridge/share/vio_bridge/cmake/vio_bridgeConfig.cmake
[3.315s] -- Up-to-date: /home/hzq/RM/VIO_ws/install/vio_bridge/share/vio_bridge/cmake/vio_bridgeConfig-version.cmake
[3.315s] -- Up-to-date: /home/hzq/RM/VIO_ws/install/vio_bridge/share/vio_bridge/package.xml
[3.316s] Invoked command in '/home/hzq/RM/VIO_ws/build/vio_bridge' returned '0': CMAKE_PREFIX_PATH=${CMAKE_PREFIX_PATH}:/opt/ros/humble /usr/bin/cmake --install /home/hzq/RM/VIO_ws/build/vio_bridge
