[0.008s] Invoking command in '/home/hzq/RM/VIO_ws/build/vio_bridge': CMAKE_PREFIX_PATH=${CMAKE_PREFIX_PATH}:/opt/ros/humble /usr/bin/cmake /home/hzq/RM/VIO_ws/src/vio_bridge -DCMAKE_INSTALL_PREFIX=/home/hzq/RM/VIO_ws/install/vio_bridge
[0.021s] -- Found ament_cmake: 1.3.14 (/opt/ros/humble/share/ament_cmake/cmake)
[0.108s] -- Override CMake install command with custom implementation using symlinks instead of copying resources
[0.120s] -- Found rclcpp: 16.0.19 (/opt/ros/humble/share/rclcpp/cmake)
[0.148s] -- Found rosidl_generator_c: 3.1.9 (/opt/ros/humble/share/rosidl_generator_c/cmake)
[0.150s] -- Found rosidl_adapter: 3.1.9 (/opt/ros/humble/share/rosidl_adapter/cmake)
[0.156s] -- Found rosidl_generator_cpp: 3.1.9 (/opt/ros/humble/share/rosidl_generator_cpp/cmake)
[0.165s] -- Using all available rosidl_typesupport_c: rosidl_typesupport_fastrtps_c;rosidl_typesupport_introspection_c
[0.175s] -- Using all available rosidl_typesupport_cpp: rosidl_typesupport_fastrtps_cpp;rosidl_typesupport_introspection_cpp
[0.204s] -- Found rmw_implementation_cmake: 6.1.2 (/opt/ros/humble/share/rmw_implementation_cmake/cmake)
[0.206s] -- Found rmw_fastrtps_cpp: 6.2.10 (/opt/ros/humble/share/rmw_fastrtps_cpp/cmake)
[0.308s] -- Using RMW implementation 'rmw_fastrtps_cpp' as default
[0.349s] -- Found sensor_msgs: 4.9.1 (/opt/ros/humble/share/sensor_msgs/cmake)
[0.371s] -- Found cv_bridge: 3.2.1 (/opt/ros/humble/share/cv_bridge/cmake)
[0.377s] -- Found image_transport: 3.1.13 (/opt/ros/humble/share/image_transport/cmake)
[0.400s] -- Found ament_lint_auto: 0.12.15 (/opt/ros/humble/share/ament_lint_auto/cmake)
[0.454s] -- Added test 'cppcheck' to perform static code analysis on C / C++ code
[0.454s] -- Configured cppcheck include dirs: 
[0.454s] -- Configured cppcheck exclude dirs and/or files: 
[0.454s] -- Added test 'flake8' to check Python code syntax and style conventions
[0.454s] -- Added test 'lint_cmake' to check CMake code style
[0.454s] -- Added test 'pep257' to check Python code against some of the docstring style conventions in PEP 257
[0.455s] -- Added test 'uncrustify' to check C / C++ code style
[0.455s] -- Configured uncrustify additional arguments: 
[0.455s] -- Added test 'xmllint' to check XML markup files
[0.456s] -- Configuring done
[0.470s] -- Generating done
[0.474s] -- Build files have been written to: /home/hzq/RM/VIO_ws/build/vio_bridge
[0.482s] Invoked command in '/home/hzq/RM/VIO_ws/build/vio_bridge' returned '0': CMAKE_PREFIX_PATH=${CMAKE_PREFIX_PATH}:/opt/ros/humble /usr/bin/cmake /home/hzq/RM/VIO_ws/src/vio_bridge -DCMAKE_INSTALL_PREFIX=/home/hzq/RM/VIO_ws/install/vio_bridge
[0.483s] Invoking command in '/home/hzq/RM/VIO_ws/build/vio_bridge': CMAKE_PREFIX_PATH=${CMAKE_PREFIX_PATH}:/opt/ros/humble /usr/bin/cmake --build /home/hzq/RM/VIO_ws/build/vio_bridge -- -j16 -l16
[0.516s] [35m[1mConsolidate compiler generated dependencies of target vio_bridge_node[0m
[0.517s] [35m[1mConsolidate compiler generated dependencies of target camera_node[0m
[0.532s] [100%] Built target camera_node
[0.532s] [100%] Built target vio_bridge_node
[0.542s] Invoked command in '/home/hzq/RM/VIO_ws/build/vio_bridge' returned '0': CMAKE_PREFIX_PATH=${CMAKE_PREFIX_PATH}:/opt/ros/humble /usr/bin/cmake --build /home/hzq/RM/VIO_ws/build/vio_bridge -- -j16 -l16
[0.550s] Invoking command in '/home/hzq/RM/VIO_ws/build/vio_bridge': CMAKE_PREFIX_PATH=${CMAKE_PREFIX_PATH}:/opt/ros/humble /usr/bin/cmake --install /home/hzq/RM/VIO_ws/build/vio_bridge
[0.557s] -- Install configuration: ""
[0.557s] -- Execute custom install script
[0.557s] -- Up-to-date symlink: /home/hzq/RM/VIO_ws/install/vio_bridge/lib/vio_bridge/vio_bridge_node
[0.557s] -- Up-to-date symlink: /home/hzq/RM/VIO_ws/install/vio_bridge/lib/vio_bridge/camera_node
[0.557s] -- Up-to-date symlink: /home/hzq/RM/VIO_ws/install/vio_bridge/share/vio_bridge/launch/pulish_topic.launch.py
[0.557s] -- Up-to-date symlink: /home/hzq/RM/VIO_ws/install/vio_bridge/share/ament_index/resource_index/package_run_dependencies/vio_bridge
[0.557s] -- Up-to-date symlink: /home/hzq/RM/VIO_ws/install/vio_bridge/share/ament_index/resource_index/parent_prefix_path/vio_bridge
[0.558s] -- Up-to-date symlink: /home/hzq/RM/VIO_ws/install/vio_bridge/share/vio_bridge/environment/ament_prefix_path.sh
[0.558s] -- Up-to-date symlink: /home/hzq/RM/VIO_ws/install/vio_bridge/share/vio_bridge/environment/ament_prefix_path.dsv
[0.558s] -- Up-to-date symlink: /home/hzq/RM/VIO_ws/install/vio_bridge/share/vio_bridge/environment/path.sh
[0.558s] -- Up-to-date symlink: /home/hzq/RM/VIO_ws/install/vio_bridge/share/vio_bridge/environment/path.dsv
[0.558s] -- Up-to-date symlink: /home/hzq/RM/VIO_ws/install/vio_bridge/share/vio_bridge/local_setup.bash
[0.558s] -- Up-to-date symlink: /home/hzq/RM/VIO_ws/install/vio_bridge/share/vio_bridge/local_setup.sh
[0.558s] -- Up-to-date symlink: /home/hzq/RM/VIO_ws/install/vio_bridge/share/vio_bridge/local_setup.zsh
[0.558s] -- Up-to-date symlink: /home/hzq/RM/VIO_ws/install/vio_bridge/share/vio_bridge/local_setup.dsv
[0.558s] -- Symlinking: /home/hzq/RM/VIO_ws/install/vio_bridge/share/vio_bridge/package.dsv
[0.566s] -- Up-to-date symlink: /home/hzq/RM/VIO_ws/install/vio_bridge/share/ament_index/resource_index/packages/vio_bridge
[0.566s] -- Up-to-date symlink: /home/hzq/RM/VIO_ws/install/vio_bridge/share/vio_bridge/cmake/vio_bridgeConfig.cmake
[0.566s] -- Up-to-date symlink: /home/hzq/RM/VIO_ws/install/vio_bridge/share/vio_bridge/cmake/vio_bridgeConfig-version.cmake
[0.566s] -- Up-to-date symlink: /home/hzq/RM/VIO_ws/install/vio_bridge/share/vio_bridge/package.xml
[0.569s] Invoked command in '/home/hzq/RM/VIO_ws/build/vio_bridge' returned '0': CMAKE_PREFIX_PATH=${CMAKE_PREFIX_PATH}:/opt/ros/humble /usr/bin/cmake --install /home/hzq/RM/VIO_ws/build/vio_bridge
