[0.011s] Invoking command in '/home/hzq/RM/VIO_ws/build/vio_bridge': CMAKE_PREFIX_PATH=${CMAKE_PREFIX_PATH}:/opt/ros/humble /usr/bin/cmake --build /home/hzq/RM/VIO_ws/build/vio_bridge -- -j16 -l16
[0.091s] [35m[1mConsolidate compiler generated dependencies of target vio_bridge_node[0m
[0.091s] [35m[1mConsolidate compiler generated dependencies of target camera_node[0m
[0.119s] [ 50%] Built target vio_bridge_node
[0.119s] [ 75%] [32mBuilding CXX object CMakeFiles/camera_node.dir/src/camera_node.cpp.o[0m
[4.246s] [100%] [32m[1mLinking CXX executable camera_node[0m
[4.680s] [100%] Built target camera_node
[4.689s] Invoked command in '/home/hzq/RM/VIO_ws/build/vio_bridge' returned '0': CMAKE_PREFIX_PATH=${CMAKE_PREFIX_PATH}:/opt/ros/humble /usr/bin/cmake --build /home/hzq/RM/VIO_ws/build/vio_bridge -- -j16 -l16
[4.698s] Invoking command in '/home/hzq/RM/VIO_ws/build/vio_bridge': CMAKE_PREFIX_PATH=${CMAKE_PREFIX_PATH}:/opt/ros/humble /usr/bin/cmake --install /home/hzq/RM/VIO_ws/build/vio_bridge
[4.703s] -- Install configuration: ""
[4.704s] -- Up-to-date: /home/hzq/RM/VIO_ws/install/vio_bridge/lib/vio_bridge/vio_bridge_node
[4.704s] -- Installing: /home/hzq/RM/VIO_ws/install/vio_bridge/lib/vio_bridge/camera_node
[4.706s] -- Set runtime path of "/home/hzq/RM/VIO_ws/install/vio_bridge/lib/vio_bridge/camera_node" to ""
[4.706s] -- Up-to-date: /home/hzq/RM/VIO_ws/install/vio_bridge/share/vio_bridge/launch
[4.706s] -- Up-to-date: /home/hzq/RM/VIO_ws/install/vio_bridge/share/vio_bridge/launch/pulish_topic.launch.py
[4.707s] -- Up-to-date: /home/hzq/RM/VIO_ws/install/vio_bridge/share/ament_index/resource_index/package_run_dependencies/vio_bridge
[4.707s] -- Up-to-date: /home/hzq/RM/VIO_ws/install/vio_bridge/share/ament_index/resource_index/parent_prefix_path/vio_bridge
[4.708s] -- Up-to-date: /home/hzq/RM/VIO_ws/install/vio_bridge/share/vio_bridge/environment/ament_prefix_path.sh
[4.708s] -- Up-to-date: /home/hzq/RM/VIO_ws/install/vio_bridge/share/vio_bridge/environment/ament_prefix_path.dsv
[4.708s] -- Up-to-date: /home/hzq/RM/VIO_ws/install/vio_bridge/share/vio_bridge/environment/path.sh
[4.708s] -- Up-to-date: /home/hzq/RM/VIO_ws/install/vio_bridge/share/vio_bridge/environment/path.dsv
[4.708s] -- Up-to-date: /home/hzq/RM/VIO_ws/install/vio_bridge/share/vio_bridge/local_setup.bash
[4.708s] -- Up-to-date: /home/hzq/RM/VIO_ws/install/vio_bridge/share/vio_bridge/local_setup.sh
[4.708s] -- Up-to-date: /home/hzq/RM/VIO_ws/install/vio_bridge/share/vio_bridge/local_setup.zsh
[4.708s] -- Up-to-date: /home/hzq/RM/VIO_ws/install/vio_bridge/share/vio_bridge/local_setup.dsv
[4.709s] -- Installing: /home/hzq/RM/VIO_ws/install/vio_bridge/share/vio_bridge/package.dsv
[4.709s] -- Up-to-date: /home/hzq/RM/VIO_ws/install/vio_bridge/share/ament_index/resource_index/packages/vio_bridge
[4.709s] -- Up-to-date: /home/hzq/RM/VIO_ws/install/vio_bridge/share/vio_bridge/cmake/vio_bridgeConfig.cmake
[4.709s] -- Up-to-date: /home/hzq/RM/VIO_ws/install/vio_bridge/share/vio_bridge/cmake/vio_bridgeConfig-version.cmake
[4.709s] -- Up-to-date: /home/hzq/RM/VIO_ws/install/vio_bridge/share/vio_bridge/package.xml
[4.711s] Invoked command in '/home/hzq/RM/VIO_ws/build/vio_bridge' returned '0': CMAKE_PREFIX_PATH=${CMAKE_PREFIX_PATH}:/opt/ros/humble /usr/bin/cmake --install /home/hzq/RM/VIO_ws/build/vio_bridge
